// Jest Snapshot v1, https://goo.gl/fbAQLP

exports[`Testing App component Test if App renders correctly 1`] = `
<div
  className="LoginBackground"
>
  <withRouter(Login) />
</div>
`;
