// Jest Snapshot v1, https://goo.gl/fbAQLP

exports[`Test if Course renders correctly 1`] = `undefined`;
