// Jest Snapshot v1, https://goo.gl/fbAQLP

exports[`Test if Cards renders correctly 1`] = `undefined`;
