// Jest Snapshot v1, https://goo.gl/fbAQLP

exports[`Testing Course component Test if Course renders correctly 1`] = `undefined`;
