// Jest Snapshot v1, https://goo.gl/fbAQLP

exports[`Test if Feed renders correctly 1`] = `undefined`;
