// Jest Snapshot v1, https://goo.gl/fbAQLP

exports[`Test if likedlist renders correctly 1`] = `undefined`;
