// Jest Snapshot v1, https://goo.gl/fbAQLP

exports[`Testing Mention component Test if Mention renders correctly 1`] = `undefined`;
