// Jest Snapshot v1, https://goo.gl/fbAQLP

exports[`Testing Paper component Test if Paper renders correctly 1`] = `undefined`;
