// Jest Snapshot v1, https://goo.gl/fbAQLP

exports[`Testing SnackbarsSucess component Test if SnackbarsSucess renders correctly 1`] = `
<withRouter(SnackbarWarning)
  classes={
    Object {
      "margin": "withRouter-SnackbarWarning--margin-1",
    }
  }
/>
`;
