// Jest Snapshot v1, https://goo.gl/fbAQLP

exports[`Testing Tab component Test if Tab renders correctly 1`] = `undefined`;
